(node:2752744) ExperimentalWarning: CommonJS module /home/raynbowy23/.nvm/versions/node/v23.3.0/lib/node_modules/npm/node_modules/debug/src/node.js is loading ES Module /home/raynbowy23/.nvm/versions/node/v23.3.0/lib/node_modules/npm/node_modules/supports-color/index.js using require().
Support for loading ES Module in require() is an experimental feature and might change at any time
(Use `node --trace-warnings ...` to show where the warning was created)
56 roads queued
[1/56] drop Grand Mesa Scenic and Historic Byway: only 1 town(s) on the main drive
[2/56] keep Gunflint Trail Scenic Byway (132s)
[3/56] drop Nebo Loop Scenic Byway: only 1 town(s) on the main drive
[4/56] keep River Road Scenic Byway (61s)
[5/56] drop Lake Koocanusa Scenic Byway: only 1 town(s) on the main drive
[6/56] drop Owyhee Uplands Back Country Byway: only 1 town(s) on the main drive
[7/56] drop Christmas Valley Back Country Byway: only 1 town(s) on the main drive
[8/56] drop California Trail Back Country Byway: only 0 town(s) on the main drive
[9/56] drop Flaming Gorge - Green River Basin Scenic Byway: only 1 town(s) on the main drive
[10/56] drop Saline Valley Road Back Country Byway: only 1 town(s) on the main drive
[11/56] drop Main Oregon Trail Back Country Byway: only 1 town(s) on the main drive
[12/56] drop Bradshaw Trail: only 0 town(s) on the main drive
[13/56] drop Sterling Highway: only 1 town(s) on the main drive
[14/56] drop Missouri Breaks Back Country Byway: only 1 town(s) on the main drive
[15/56] drop Bull Creek Pass National Back Country Byway: only 1 town(s) on the main drive
[16/56] drop Big Sheep Creek Back Country Byway: only 1 town(s) on the main drive
[17/56] keep Silver Island Mountain National Back Country Byway (68s)
[18/56] keep Mirror Lake Scenic Byway - UT Section (115s)
[19/56] drop Lost Gold Trails Loop: only 1 town(s) on the main drive
[20/56] drop Quartzville Road Back Country Byway: only 1 town(s) on the main drive
[21/56] drop Chief Joseph Scenic Highway: only 0 town(s) on the main drive
[22/56] drop Lower Crooked River Back Country Byway: only 1 town(s) on the main drive
[23/56] drop Indian River Lagoon - Treasure Coast Scenic Highway: only 1 town(s) on the main drive
[24/56] drop Buckhorn Back Country Byway: only 1 town(s) on the main drive
[25/56] drop Indian Canyon Scenic Byway: only 1 town(s) on the main drive
[26/56] drop Gypsum Hills Scenic Byway: only 1 town(s) on the main drive
[27/56] keep Indian Creek Corridor Scenic Byway (65s)
[28/56] drop Markagunt High Plateau Scenic Byway (U-14): only 1 town(s) on the main drive
[29/56] drop Des Lacs National Wildlife Refuge Scenic Backway: only 1 town(s) on the main drive
[30/56] drop San Francisco Peaks Scenic Road: only 0 town(s) on the main drive
[31/56] drop Ancient Bristlecone Scenic Byway (Route 168): only 1 town(s) on the main drive
[32/56] drop Chimney Peak Back Country Byway: only 0 town(s) on the main drive
[33/56] drop Grave Creek to Marial Back Country Byway: only 1 town(s) on the main drive
[34/56] drop Red Gulch/Alkali National Back Country Byway: only 1 town(s) on the main drive
[35/56] drop Chain of Craters Back Country Byway: only 0 town(s) on the main drive
[36/56] drop Black Mountain Rag: only 1 town(s) on the main drive
[37/56] drop Medicine Wheel Passage: only 1 town(s) on the main drive
[38/56] drop Longhouse Scenic Byway: only 1 town(s) on the main drive
[39/56] drop Fishlake Scenic Byway (U-25): only 1 town(s) on the main drive
[40/56] drop Guadalupe Back Country Byway: only 0 town(s) on the main drive
[41/56] drop Killdeer Mountain Four Bears Scenic Byway: only 1 town(s) on the main drive
[42/56] drop Quebradas Back Country Byway: only 1 town(s) on the main drive
[43/56] drop Buffalo Bill Cody Scenic Byway: only 0 town(s) on the main drive
[44/56] drop South Fulton Scenic Byway: only 1 town(s) on the main drive
[45/56] drop Sugar Camp Scenic Byway: only 1 town(s) on the main drive
[46/56] drop Grassy Island Crossing: only 1 town(s) on the main drive
[47/56] drop Lunar Crater Back Country Byway: only 0 town(s) on the main drive
[48/56] drop St. Francis Scenic Byway: only 1 town(s) on the main drive
[49/56] drop US-278 Scenic Highway: only 1 town(s) on the main drive
[50/56] drop Bitter Springs Back Country Byway: only 0 town(s) on the main drive
[51/56] keep Guanella Pass Road (61s)
[52/56] drop Mirror Lake Scenic Byway - WY Section: only 1 town(s) on the main drive
[53/56] drop Swift Trail Parkway: only 0 town(s) on the main drive
[54/56] drop Blue Buck Knob Scenic Byway: only 1 town(s) on the main drive
[55/56] drop St. Regis-Paradise Scenic Byway: only 1 town(s) on the main drive
[56/56] drop Lovelock Cave Back Country Byway: only 1 town(s) on the main drive
done: 6 kept, 50 dropped, 540 roads with strip maps
