(node:3754870) ExperimentalWarning: CommonJS module /home/raynbowy23/.nvm/versions/node/v23.3.0/lib/node_modules/npm/node_modules/debug/src/node.js is loading ES Module /home/raynbowy23/.nvm/versions/node/v23.3.0/lib/node_modules/npm/node_modules/supports-color/index.js using require().
Support for loading ES Module in require() is an experimental feature and might change at any time
(Use `node --trace-warnings ...` to show where the warning was created)
155 roads queued
[1/155] drop Red Rock Scenic Byway: only 1 town(s) on the main drive
[2/155] drop Forest Heritage National Scenic Byway: only 0 town(s) on the main drive
[3/155] keep Edisto Island National Scenic Byway (59s)
[4/155] keep Brandywine Valley Scenic Byway (10s)
[5/155] drop Ashley River Road: only 1 town(s) on the main drive
[6/155] drop Baltimore's Historic Charles Street: only 1 town(s) on the main drive
[7/155] keep Arroyo Seco Historic Parkway - Route 110 (62s)
[8/155] keep Chuckanut Drive (60s)
[9/155] keep Red Rock Canyon Road (62s)
[10/155] drop Chain of Craters Road: only 1 town(s) on the main drive
[11/155] keep South Fork-Alsea River Back Country Byway (56s)
[12/155] keep South Platte River Trail (47s)
[13/155] keep Bronx River Parkway (14s)
[14/155] drop Highlands Scenic Byway: only 0 town(s) on the main drive
[15/155] keep Little Parkway (10s)
[16/155] keep Old Frankfort Pike (58s)
[17/155] keep Warren Heritage Scenic Byway (12s)
[18/155] drop Route 78--Anza-Borrego Desert State Park Road: only 1 town(s) on the main drive
[19/155] keep Big Bone Lick Scenic Byway (102s)
[20/155] drop Indian Heritage Trail: only 1 town(s) on the main drive
[21/155] keep Upper Yadkin Way (10s)
[22/155] keep Apple Blossom Scenic Drive (75s)
[23/155] keep Bridger Valley Historic Byway (10s)
[24/155] keep Mission Crossing (57s)
[25/155] drop Route 395--Inyo County: only 1 town(s) on the main drive
[26/155] drop Heritage Drive: only 1 town(s) on the main drive
[27/155] keep Blackwoods Byway (59s)
[28/155] keep Delaware River Valley (62s)
[29/155] keep Green Mountain Scenic Byway (12s)
[30/155] drop Longleaf Trail Scenic Byway: only 0 town(s) on the main drive
[31/155] drop Pig Trail Scenic Byway: only 1 town(s) on the main drive
[32/155] keep Mount Greylock Scenic Byway (80s)
[33/155] drop River Road Scenic Byway: only 0 town(s) on the main drive
[34/155] keep William Bartram Scenic and Historic Trail (59s)
[35/155] keep State of Jefferson Scenic Byway (56s)
[36/155] keep French Broad Overview (9s)
[37/155] drop Wild Rivers Back Country Scenic Byway: only 1 town(s) on the main drive
[38/155] keep Sunspot Scenic Byway (77s)
[39/155] keep Parker Dam Road (12s)
[40/155] keep Route 68--Monterey County (56s)
[41/155] keep Wildlife Loop Road Scenic Byway (10s)
[42/155] drop Post Rock Scenic Byway: only 1 town(s) on the main drive
[43/155] keep Red Rock Canyon Back Country Byway (59s)
[44/155] keep Route 419 Scenic Byway (42s)
[45/155] keep US-21 Scenic Highway (12s)
[46/155] drop Walden Point Road: only 1 town(s) on the main drive
[47/155] keep Bradenton Beach Scenic Highway (55s)
[48/155] keep Brice's Crossroads Battlefield-Chief Tishomingo Scenic Byway (11s)
[49/155] drop Potash-Lower Colorado River Scenic Byway (U-279): only 1 town(s) on the main drive
[50/155] keep Branch River Valley Trail (9s)
[51/155] keep Governor Casey Byway (55s)
[52/155] keep New River Valley Byway (58s)
[53/155] drop Oscar Wigington Scenic Byway: only 0 town(s) on the main drive
[54/155] keep Old Trails Road (58s)
[55/155] keep San Bernardo Scenic Byway (9s)
[56/155] keep US 42 (29s)
[57/155] keep Pee Dee Valley Drive (62s)
[58/155] keep Route 680--Contra Costa County (9s)
[59/155] drop Santa Fe National Forest Scenic Byway: only 0 town(s) on the main drive
[60/155] drop Battle Road Scenic Byway: only 1 town(s) on the main drive
[61/155] keep Cheat River Byway (9s)
[62/155] keep A1A River to Sea Trail (74s)
[63/155] drop Jefferson Township Scenic Byway: only 1 town(s) on the main drive
[64/155] drop Sedona-Oak Creek Canyon Scenic Road: only 1 town(s) on the main drive
[65/155] keep Bear Lake Scenic Byway (9s)
[66/155] keep Big Cottonwood Canyon Scenic Byway (59s)
[67/155] keep Altamaha Historic Scenic Byway (56s)
[68/155] drop Millbridge Scenic Byway: only 0 town(s) on the main drive
[69/155] drop Birkhead Wilderness Route: only 0 town(s) on the main drive
[70/155] drop Theodore Roosevelt National Park North Unit Scenic Byway: only 0 town(s) on the main drive
[71/155] keep North Fork Trail (9s)
[72/155] drop The Apple Way of Londonderry: only 1 town(s) on the main drive
[73/155] keep Route 680--Alameda County (12s)
[74/155] drop Scots-Welsh Heritage Byway: only 0 town(s) on the main drive
[75/155] drop Mingus Mountain Scenic Road: only 1 town(s) on the main drive
[76/155] keep Lee Vining Canyon Scenic Byway (59s)
[77/155] keep Garnet Back Country Byway (62s)
[78/155] keep Pisgah Pike Scenic Byway (9s)
[79/155] keep Jefferson County Scenic Byway (25s)
[80/155] keep Rich Mountain Backway (12s)
[81/155] keep Great Salt Lake Legacy Parkway (56s)
[82/155] keep Palisades Scenic Byway (13s)
[83/155] keep Route 395--Mono County (62s)
[84/155] keep Lamoille Canyon Road (59s)
[85/155] drop Route 101--Redwood Highway: only 0 town(s) on the main drive
[86/155] keep Beach Boulevard Scenic Byway (56s)
[87/155] keep Old Georgetown Pike (10s)
[88/155] keep Angel Lake Road (60s)
[89/155] keep Million Dollar View Scenic Byway (21s)
[90/155] drop SC-46 Scenic Highway: only 1 town(s) on the main drive
[91/155] keep Warren County-Piedmont Scenic Byway Extension (56s)
[92/155] drop Wild Horse Canyon Scenic Backcountry Byway: only 0 town(s) on the main drive
[93/155] keep Black River Scenic Byway (59s)
[94/155] keep Kansas Historic Route 66 Byway (74s)
[95/155] keep Route 9--Saratoga-Los Gatos Road (13s)
[96/155] keep Mamalahoa Kona Heritage Corridor (42s)
[97/155] drop Drovers Road: only 1 town(s) on the main drive
[98/155] keep Little Cottonwood Canyon Scenic Byway (59s)
[99/155] keep Route 75--San Diego-Coronado Bridge and Silver Strand Highway (43s)
[100/155] drop Valley of Fire State Park Roadways: only 0 town(s) on the main drive
[101/155] drop White River Scenic Road: only 1 town(s) on the main drive
[102/155] drop Rolling Kansas Byway: only 1 town(s) on the main drive
[103/155] drop Pensacola Scenic Bluffs Highway: only 1 town(s) on the main drive
[104/155] keep Lower Valley Pike Scenic Byway (59s)
[105/155] drop Narrow-Gauge Scenic Byway: only 1 town(s) on the main drive
[106/155] drop Harquahala Mountain Back Country Byway: only 1 town(s) on the main drive
[107/155] drop Bohicket Road Scenic Highway: only 1 town(s) on the main drive
[108/155] keep Camp Allegheny Backway (10s)
[109/155] keep Scenic Olentangy Heritage Corridor (59s)
[110/155] keep Pacolet River Byway (12s)
[111/155] keep River Road (28s)
[112/155] drop Courtney Campbell Scenic Highway: only 1 town(s) on the main drive
[113/155] keep Roanoke Voyages Corridor (57s)
[114/155] keep Sho-Me Santa Fe Trails (59s)
[115/155] keep Smithsonian Butte National Back Country Byway (11s)
[116/155] keep Cowpens National Battlefield Scenic Highway (59s)
[117/155] keep Jerome, Clarkdale, and Cottonwood Historic Road (8s)
[118/155] drop Cape Fear Historic Byway: only 0 town(s) on the main drive
[119/155] drop Historic Flat Rock Scenic Byway: only 1 town(s) on the main drive
[120/155] drop Interstate 26 Scenic Highway: only 1 town(s) on the main drive
[121/155] drop Whitewater Way: only 1 town(s) on the main drive
[122/155] drop Deer Creek Road (State Route 158): only 0 town(s) on the main drive
[123/155] drop Kinzua Bridge Byway: only 1 town(s) on the main drive
[124/155] drop North Ridge Scenic Byway: only 1 town(s) on the main drive
[125/155] keep Route 580--MacArthur Freeway (15s)
[126/155] keep Route 24--Alameda County (56s)
[127/155] drop Route 62--Twentynine Palms Highway: only 1 town(s) on the main drive
[128/155] drop US 421 Scenic Byway: only 1 town(s) on the main drive
[129/155] keep Midway-Versailles Road (US-62) (8s)
[130/155] drop Hilton Head Scenic Highway: only 1 town(s) on the main drive
[131/155] drop SC-170 Scenic Highway: only 0 town(s) on the main drive
[132/155] keep Wally Road Scenic Byway (61s)
[133/155] keep Accommodation Line Scenic Byway (9s)
[134/155] drop Crowders Mountain Drive: only 1 town(s) on the main drive
[135/155] drop Cedar Breaks Scenic Byway (U-148): only 1 town(s) on the main drive
[136/155] drop Ozark Mountain Highroad: only 1 town(s) on the main drive
[137/155] drop Lake Wilhelm Scenic Byway: only 1 town(s) on the main drive
[138/155] drop Paradise Ave and Other Roads: only 1 town(s) on the main drive
[139/155] keep A1A Ocean Shore Scenic Highway (56s)
[140/155] drop Route 102 (Ten Rod Road): only 1 town(s) on the main drive
[141/155] keep Royal Footsteps Along the Kona Coast (57s)
[142/155] drop Puye Cliffs Scenic Byway: only 0 town(s) on the main drive
[143/155] drop Alabama's Stagecoach Route Through Leeds: only 1 town(s) on the main drive
[144/155] drop Route 151--Shasta Dam Boulevard: only 1 town(s) on the main drive
[145/155] drop Monroe Street (M125): only 1 town(s) on the main drive
[146/155] keep Averasboro Battlefield Scenic Byway (10s)
[147/155] drop Corrales Road: only 1 town(s) on the main drive
[148/155] drop Canterbury Shaker Village Byway: only 1 town(s) on the main drive
[149/155] drop Ministerial Road: only 1 town(s) on the main drive
[150/155] drop Stars and Stripes Historical/Cultural Byway: only 1 town(s) on the main drive
[151/155] keep National Historic Seaport (14s)
[152/155] keep Route 114 and High Street (57s)
[153/155] drop Boone Creek Scenic Byway: only 1 town(s) on the main drive
[154/155] keep Sandia Crest Byway (60s)
[155/155] drop Kolob Fingers Road Scenic Byway: only 1 town(s) on the main drive
done: 88 kept, 67 dropped, 628 roads with strip maps
