(node:1191817) ExperimentalWarning: CommonJS module /home/raynbowy23/.nvm/versions/node/v23.3.0/lib/node_modules/npm/node_modules/debug/src/node.js is loading ES Module /home/raynbowy23/.nvm/versions/node/v23.3.0/lib/node_modules/npm/node_modules/supports-color/index.js using require().
Support for loading ES Module in require() is an experimental feature and might change at any time
(Use `node --trace-warnings ...` to show where the warning was created)
451 roads queued
[1/451] keep Russell-Brasstown National Scenic Byway (28s)
[2/451] keep Cascade Lakes Scenic Byway (117s)
[3/451] drop Grand Mesa Scenic and Historic Byway: only 1 town(s) on the main drive
[4/451] drop Gunflint Trail Scenic Byway: only 1 town(s) on the main drive
[5/451] keep Grand Rounds Scenic Byway (14s)
[6/451] keep Kaibab Plateau-North Rim Parkway (114s)
[7/451] keep Cherohala Skyway (47s)
[8/451] drop Nebo Loop Scenic Byway: only 1 town(s) on the main drive
[9/451] keep Logan Canyon Scenic Byway (48s)
[10/451] keep Talladega Scenic Drive (76s)
[11/451] drop River Road Scenic Byway: only 1 town(s) on the main drive
[12/451] keep Alaska Railroad (383s)
[13/451] keep Lincoln Highway Scenic & Historic Byway (316s)
[14/451] keep Cascade Loop (292s)
[15/451] keep Dalton Highway (269s)
[16/451] keep Highway 75- King of Trails Scenic Byway (311s)
[17/451] keep Great River Road - Missouri (379s)
[18/451] keep River Road Scenic Byway (222s)
[19/451] keep Historic Route 66 - MO (315s)
[20/451] keep Mesalands Scenic Byway (312s)
[21/451] keep Ohio Lincoln Highway Historic Byway (298s)
[22/451] keep Richardson Highway (280s)
[23/451] keep Pacific Coast Scenic Byway - Washington (242s)
[24/451] keep Toledo Bend Forest Scenic Byway (305s)
[25/451] keep Coal Heritage Trail - VA (257s)
[26/451] keep The Loneliest Road in America (202s)
[27/451] keep Arkansas Scenic 7 Byway (200s)
[28/451] keep Bayou Teche Scenic Byway (238s)
[29/451] keep US 68 Scenic Byway (236s)
[30/451] keep The Indiana Lincoln Highway Byway (246s)
[31/451] keep Journey Through Time Scenic Byway (230s)
[32/451] keep Sandhills Journey (200s)
[33/451] keep Outlaw Trail (175s)
[34/451] keep Heritage Highway (163s)
[35/451] keep Northwest Louisiana Scenic Byway (194s)
[36/451] keep Prince of Wales Island Road System (164s)
[37/451] keep Glacial Ridge Trail Scenic Byway (200s)
[38/451] keep Chesapeake and Ohio Canal Byway (101s)
[39/451] keep Mississippi Delta Great River Road (191s)
[40/451] keep Black Belt Nature and Heritage Trail (163s)
[41/451] keep Palouse Scenic Byway (195s)
[42/451] keep West Elk Loop (123s)
[43/451] keep Bridges to Buttes Byway (159s)
[44/451] keep Blue Crab Scenic Byway (135s)
[45/451] keep Wetlands Cultural Trail (115s)
[46/451] keep Cumberland Cultural Heritage Highway (126s)
[47/451] keep Waters of the Dancing Sky Scenic Byway (158s)
[48/451] keep Western Trails Scenic and Historic Byway (127s)
[49/451] keep Gold Rush Byway (122s)
[50/451] keep Adirondack Trail (121s)
[51/451] keep Mountain Maryland Byway (188s)
[52/451] keep Lassen Scenic Byway (122s)
[53/451] keep Olympic Trail (123s)
[54/451] keep Frontier Military Historic Byway (125s)
[55/451] keep Lafayette's Tour (125s)
[56/451] keep Jean Lafitte Scenic Byway (123s)
[57/451] keep Wyoming Centennial Scenic Byway (155s)
[58/451] keep Salmon River Scenic Byway (122s)
[59/451] keep Otter Trail Scenic Byway (96s)
[60/451] keep Lakeview to Steens Mountain Back Country Byway (96s)
[61/451] keep Salt Missions Trail (123s)
[62/451] keep Central Adirondack Trail (121s)
[63/451] keep Los Caminos Antiguos (117s)
[64/451] keep Highway 93 (119s)
[65/451] keep Snake River-Mormon Basin Back Country Byway (121s)
[66/451] keep Steese Highway (119s)
[67/451] keep Loup Rivers Scenic Byway (123s)
[68/451] keep Pawnee Pioneer Trails (59s)
[69/451] keep Revolutionary Trail (122s)
[70/451] keep Emigrant Trail (120s)
[71/451] keep Peaks to Craters Scenic Byway (118s)
[72/451] keep Trinity Scenic Byway (116s)
[73/451] keep Pony Express Trail National Back Country Byway (120s)
[74/451] keep Star-Spangled Banner Byway (56s)
[75/451] drop San Juan Islands Scenic Byway: build failed: throw new Error('OSRM unavailable after retries')
[76/451] keep Sacajawea Historic Byway (86s)
[77/451] keep Western Skies Scenic Byway (122s)
[78/451] keep Blue Mountain Scenic Byway (117s)
[79/451] keep Unaweep/Tabeguache Scenic and Historic Byway (130s)
[80/451] keep East Steens Tour Route (55s)
[81/451] keep North Cascades Scenic Highway (118s)
[82/451] keep Ponderosa Pine Scenic Byway (115s)
[83/451] keep Black River Trail (62s)
[84/451] keep Old Red Old Ten Scenic Byway (74s)
[85/451] keep Pine Barrens Byway (125s)
[86/451] keep St. Croix Scenic Byway (57s)
[87/451] keep Pamlico Scenic Byway (119s)
[88/451] keep Bicentennial Highway (115s)
[89/451] keep Bayshore Heritage Byway (53s)
[90/451] keep Horses and Hounds Scenic Byway (131s)
[91/451] keep Silver Thread Scenic Byway (51s)
[92/451] keep Sawtooth Scenic Byway (116s)
[93/451] keep River Bluffs Scenic Byway (125s)
[94/451] drop Lake Koocanusa Scenic Byway: only 1 town(s) on the main drive
[95/451] keep Scenic Scioto Heritage Trail Scenic Byway (88s)
[96/451] keep Lakes Region Tour (89s)
[97/451] keep Oregon Trail-Bear Lake Scenic Byway (83s)
[98/451] keep Mason and Dixon Byway (121s)
[99/451] keep Elkhorn Scenic Byway (54s)
[100/451] keep Big Sky Back Country Byway (116s)
[101/451] keep High Desert Discovery Scenic Byway (51s)
[102/451] keep Route 20 Scenic Byway (118s)
[103/451] keep Grande Tour Route (84s)
[104/451] keep Promised Land Scenic Byway (118s)
[105/451] keep Taylor Top-of-the-World Highway (31s)
[106/451] keep Presidential Range Tour (125s)
[107/451] drop Owyhee Uplands Back Country Byway: only 1 town(s) on the main drive
[108/451] keep Lookout Mountain Parkway (115s)
[109/451] keep Bucktail Trail (83s)
[110/451] keep Heritage Crossroads: Miles of History Heritage Highway (56s)
[111/451] keep Southern Adirondack Trail (52s)
[112/451] keep Rim of the World Scenic Byway (113s)
[113/451] keep River of Lakes Heritage Corridor Scenic Highway (93s)
[114/451] keep Extraterrestrial Highway (90s)
[115/451] keep Western Vistas Historic Byway (84s)
[116/451] keep Cache La Poudre-North Park Scenic and Historic Byway (64s)
[117/451] keep Waterfall Byway (63s)
[118/451] drop Christmas Valley Back Country Byway: only 1 town(s) on the main drive
[119/451] drop California Trail Back Country Byway: only 0 town(s) on the main drive
[120/451] drop Flaming Gorge - Green River Basin Scenic Byway: only 1 town(s) on the main drive
[121/451] keep Transcontinental Railroad Back Country Byway (120s)
[122/451] keep Feather River Scenic Byway (52s)
[123/451] keep La Frontera del Llano Byway (81s)
[124/451] keep Driftless Area Scenic Byway (55s)
[125/451] keep Fort Henry Historic Byway (102s)
[126/451] drop Saline Valley Road Back Country Byway: only 1 town(s) on the main drive
[127/451] keep Lee's Retreat (58s)
[128/451] keep Colonial Heritage Byway (118s)
[129/451] keep Rogue-Coquille Scenic Byway (52s)
[130/451] keep Military Trail (86s)
[131/451] drop Main Oregon Trail Back Country Byway: only 1 town(s) on the main drive
[132/451] keep Mt. Wilson Back Country Byway (79s)
[133/451] keep Barrel Springs Back Country Byway (47s)
[134/451] keep St. Joe River Scenic Byway (78s)
[135/451] keep Old Main Streets (52s)
[136/451] keep South Fork John Day River Back Country Byway (112s)
[137/451] keep Cayuga Lake Scenic Byway (81s)
[138/451] keep Sierra Vista Scenic Byway (48s)
[139/451] keep Yakama Scenic Byway (53s)
[140/451] keep Lake Country Scenic Byway (83s)
[141/451] keep Duncan Hines Scenic Road (119s)
[142/451] keep Trinity Heritage Scenic Byway (47s)
[143/451] keep Shawangunk Mountains Scenic Byway (55s)
[144/451] keep Columbia River Gorge Scenic Byway - Washington (84s)
[145/451] keep Fredonia-Vermillion Cliffs Scenic Road (88s)
[146/451] keep Modoc Volcanic Scenic Byway (142s)
[147/451] keep Historic Hills Scenic Byway (56s)
[148/451] keep Nine Mile Canyon Backway (122s)
[149/451] keep Enchanted Circle Scenic Byway (113s)
[150/451] keep Blue-Gray Scenic Byway (49s)
[151/451] keep South Big Horn/Red Wall Scenic Backway (82s)
[152/451] keep White Mountain Scenic Road (48s)
[153/451] keep Bigfoot Scenic Byway (113s)
[154/451] keep White Pine Scenic Byway (81s)
[155/451] keep Highway of Legends (57s)
[156/451] keep Flat Tops Trail Scenic Byway (47s)
[157/451] keep Appalachian Highlands Scenic Byway (82s)
[158/451] keep Antietam Campaign Byway (57s)
[159/451] keep Okanogan Trails Scenic Byway (50s)
[160/451] keep Little Kanawha Parkway (116s)
[161/451] keep Lewis & Clark Scenic Byway (51s)
[162/451] keep Edenton-Windsor Loop (80s)
[163/451] keep Grant Wood Scenic Byway (50s)
[164/451] keep Dine' Tah "Among the People" Scenic Road (48s)
[165/451] keep Iowa Valley Scenic Byway (82s)
[166/451] keep Lake Champlain Byway - Vermont (119s)
[167/451] keep Western New York Southtowns Scenic Byway (58s)
[168/451] keep From the Desert to Tall Pines Scenic Road (117s)
[169/451] keep Trail of the Lonesome Pine / Daniel Boone Heritage Trail (49s)
[170/451] keep Alligator River Route (47s)
[171/451] keep Kings Hill Scenic Byway (79s)
[172/451] keep Seminoe to Alcova Scenic Backway (46s)
[173/451] keep Mohawk Trail - MA (86s)
[174/451] keep Moose Path Trail (50s)
[175/451] keep Whitewater Canal Scenic Byway (51s)
[176/451] keep Upper Delaware Scenic Byway (Route 97) (81s)
[177/451] keep Laurel Highlands Scenic Byway (51s)
[178/451] keep Teton Scenic Byway (49s)
[179/451] keep Alpine Loop (85s)
[180/451] keep Fort Churchill to Wellington Back Country Byway (50s)
[181/451] keep Sierra Heritage Scenic Byway (Route 168) (48s)
[182/451] drop Bradshaw Trail: only 0 town(s) on the main drive
[183/451] keep Woodland Heritage Trail (81s)
[184/451] keep Over the Rivers - Through the Woods Scenic Byway (46s)
[185/451] keep Mountain Waters Scenic Byway (78s)
[186/451] keep Osage Nation Heritage Trail Byway (47s)
[187/451] keep Naat' tsis' aan - Navajo Mountain Scenic Road (115s)
[188/451] keep Route 89--Monitor Pass & Luther Pass Highways & Lake Tahoe Road (47s)
[189/451] keep Diamond Loop Back Country Byway (80s)
[190/451] keep Palms to Pines Scenic Byway (47s)
[191/451] drop Sterling Highway: only 1 town(s) on the main drive
[192/451] keep Big Spring Scenic Backway (48s)
[193/451] keep Steens Mountain Back Country Byway (116s)
[194/451] keep Myrtle Creek-Canyonville Tour Route (12s)
[195/451] keep Capitol Reef Country Scenic Byway (48s)
[196/451] keep Forest Heritage Scenic Byway (76s)
[197/451] keep Thousand Springs Scenic Byway (47s)
[198/451] keep Glacial Hills Scenic Byway (79s)
[199/451] keep River Heritage Tour (50s)
[200/451] keep Indian Lakes Scenic Byway (45s)
[201/451] keep Superior National Forest Scenic Byway (78s)
[202/451] keep Meriwether-Pike Scenic Byway (53s)
[203/451] keep Smoky Valley Scenic Byway (48s)
[204/451] drop Missouri Breaks Back Country Byway: only 1 town(s) on the main drive
[205/451] keep Mt. Carmel Scenic Byway (78s)
[206/451] keep Ogden River Scenic Byway (45s)
[207/451] keep Peak to Peak Scenic and Historic Byway (81s)
[208/451] keep Tamiami Trail - Windows to the Gulf Coast Waters Scenic Highway (50s)
[209/451] keep Grindstone Scenic Byway (50s)
[210/451] keep Route 50--El Dorado County (82s)
[211/451] keep Historic Piedmont Scenic Byway (50s)
[212/451] keep Historic Effingham-Ebenezer Scenic Byway (49s)
[213/451] keep Angeles Crest Scenic Byway (Route 2) (11s)
[214/451] keep Joshua Forest Scenic Road (76s)
[215/451] keep Patagonia-Sonoita Scenic Road (48s)
[216/451] keep Enduring Farmlands Scenic Byway (76s)
[217/451] keep Gold Butte Back Country Byway (49s)
[218/451] keep Cordell Hull Highway (47s)
[219/451] drop Bull Creek Pass National Back Country Byway: only 1 town(s) on the main drive
[220/451] keep Steens Loop Tour Route (111s)
[221/451] keep Farm Heritage Road (14s)
[222/451] keep Oregon Trail Historic Byway (47s)
[223/451] keep Route 9 Coastal Heritage Scenic Byway (78s)
[224/451] keep Tappan-Moravian Trail Scenic Byway (46s)
[225/451] keep Prairie Trail Scenic Byway (47s)
[226/451] drop Big Sheep Creek Back Country Byway: only 1 town(s) on the main drive
[227/451] drop Silver Island Mountain National Back Country Byway: only 1 town(s) on the main drive
[228/451] keep Collegiate Peaks Byway (47s)
[229/451] keep Routes 5 & 580--West Side Freeway (115s)
[230/451] drop Mirror Lake Scenic Byway - UT Section: only 1 town(s) on the main drive
[231/451] keep Tar Heel Trace (50s)
[232/451] keep Mount Baker Highway (Route 542) (15s)
[233/451] keep Old Route 66 - Oatman Road (47s)
[234/451] keep Elk River Backcountry Byway (75s)
[235/451] keep Northwestern Turnpike (48s)
[236/451] keep Presidential Pathways Ohio Scenic Byway (83s)
[237/451] keep Route 112 Scenic Byway (31s)
[238/451] keep Green Swamp Byway (79s)
[239/451] keep Miami & Erie Canal Scenic Byway (17s)
[240/451] keep Carson Pass Highway (Route 88) (23s)
[241/451] keep Scenic Route 90 (78s)
[242/451] drop Lost Gold Trails Loop: only 1 town(s) on the main drive
[243/451] keep Booth's Escape (54s)
[244/451] keep Nantahala Byway (81s)
[245/451] keep Snake River Canyon Scenic Byway (49s)
[246/451] keep Maumee Valley Scenic Byway (17s)
[247/451] keep Bighorn Scenic Byway (111s)
[248/451] keep Kings Canyon Scenic Byway (43s)
[249/451] keep Ridge and Valley Scenic Byway (19s)
[250/451] keep State Route 27 (44s)
[251/451] keep Veterans Evergreen Memorial Drive (78s)
[252/451] drop Quartzville Road Back Country Byway: only 1 town(s) on the main drive
[253/451] keep City of Rocks Back Country Byway (52s)
[254/451] keep Sandhills Scenic Drive (51s)
[255/451] keep Tse' nikani - Flat Mesa Rock Scenic Byway (11s)
[256/451] keep Native Stone Scenic Byway (75s)
[257/451] keep Pisgah Loop Scenic Byway (48s)
[258/451] keep Kolob Reservoir Road (43s)
[259/451] keep Old Mill Stream Scenic Byway (76s)
[260/451] keep Silver Falls Tour Route (49s)
[261/451] keep Seboomook Scenic Byway (12s)
[262/451] keep Wild Horse Trail Scenic Byway (77s)
[263/451] keep Old Florida Heritage Highway (41s)
[264/451] keep Whidbey Island Scenic Byway (45s)
[265/451] keep Cloud Peak Skyway (79s)
[266/451] keep Lemon Bay/Myakka Trail (43s)
[267/451] keep Route 160--River Road (75s)
[268/451] keep Uwharrie Scenic Road (45s)
[269/451] keep Scenic Route 100 Byway (13s)
[270/451] keep Grand Gulf - Raymond Scenic Byway (77s)
[271/451] keep Pend Oreille Valley Scenic Byway (47s)
[272/451] keep Covered Bridge Scenic Byway (46s)
[273/451] keep Lake Valley Back Country Byway (75s)
[274/451] keep Avenue of Pines - TH 46, Deer River to Northome (45s)
[275/451] drop Chief Joseph Scenic Highway: only 0 town(s) on the main drive
[276/451] keep Spirit Lake Memorial Highway (11s)
[277/451] keep Copper River Highway (116s)
[278/451] keep Nestucca River Back Country Byway (42s)
[279/451] keep Cohutta-Chattahoochee Scenic Byway (16s)
[280/451] keep Football Road (47s)
[281/451] keep Welsh Scenic Byway (81s)
[282/451] keep Cow Creek Tour Route (45s)
[283/451] drop Lower Crooked River Back Country Byway: only 1 town(s) on the main drive
[284/451] keep Big Darby Plains Scenic Byway (76s)
[285/451] keep Molly Stark Scenic Byway (46s)
[286/451] drop Indian River Lagoon - Treasure Coast Scenic Highway: only 1 town(s) on the main drive
[287/451] drop Buckhorn Back Country Byway: only 1 town(s) on the main drive
[288/451] keep Mount Rogers Scenic Byway (12s)
[289/451] keep Route 140--Mariposa County (48s)
[290/451] keep Turtle Mountain Scenic Byway (44s)
[291/451] keep Apache Trail Historic Road (78s)
[292/451] keep Mountain Loop Scenic Byway (48s)
[293/451] keep Pioneer Mountains Scenic Byway (80s)
[294/451] drop Indian Canyon Scenic Byway: only 1 town(s) on the main drive
[295/451] keep Appalachian Medley (12s)
[296/451] keep Sherman Pass Scenic Byway (44s)
[297/451] keep Pine Mountain Road (77s)
[298/451] keep Roots and Tides Byway (49s)
[299/451] keep Heritage Corridors of Bath (21s)
[300/451] keep Gold Rush Historic Byway (44s)
[301/451] keep Crossroad of Vermont Byway (48s)
[302/451] keep Suncoast Scenic Parkway (13s)
[303/451] keep Upper Colorado River Scenic Byway (U-128) (112s)
[304/451] keep Dead Horse Mesa Scenic Byway (80s)
[305/451] keep Monument Valley to Bluff Scenic Byway (43s)
[306/451] keep Hocking Hills Scenic Byway (15s)
[307/451] drop Gypsum Hills Scenic Byway: only 1 town(s) on the main drive
[308/451] keep Route 152--Pacheco Pass Road (43s)
[309/451] drop Indian Creek Corridor Scenic Byway: only 1 town(s) on the main drive
[310/451] drop Markagunt High Plateau Scenic Byway (U-14): only 1 town(s) on the main drive
[311/451] keep Roosevelt-Marcy Trail (74s)
[312/451] keep Drovers' Trail Scenic Byway (49s)
[313/451] keep Millen-Jenkins County Scenic Byway (75s)
[314/451] drop Des Lacs National Wildlife Refuge Scenic Backway: only 1 town(s) on the main drive
[315/451] keep Red Clay Valley Scenic Byway (20s)
[316/451] keep Viaduct Valley Way Scenic Byway (46s)
[317/451] keep Jacinto Reyes Scenic Byway (Route 33) (45s)
[318/451] keep Mt. Charleston Scenic Byway (80s)
[319/451] drop San Francisco Peaks Scenic Road: only 0 town(s) on the main drive
[320/451] keep Hanging Rock Scenic Byway (16s)
[321/451] keep Shakertown Road (45s)
[322/451] keep Land of the Cross-Tipped Churches Scenic Byway (77s)
[323/451] keep Barbour County Governor's Trail (44s)
[324/451] keep Badlands Loop Scenic Byway (12s)
[325/451] keep Dude Ranch Trail (43s)
[326/451] keep Meteor Lakes Byway (74s)
[327/451] keep Route 91--Riverside Freeway (51s)
[328/451] keep Abo Pass Trail (75s)
[329/451] keep Interstate 185 (13s)
[330/451] keep Lewis and Clark Back Country Byway (48s)
[331/451] keep NASA Scenic Byway to Space (42s)
[332/451] keep South Mountain Scenery (74s)
[333/451] keep State Route 11 (45s)
[334/451] keep Mad River Byway (76s)
[335/451] keep Ocoee Scenic Byway (10s)
[336/451] keep Delaware Crossing Scenic Byway (44s)
[337/451] keep Smith River Scenic Byway (43s)
[338/451] keep Lake Coeur d'Alene Scenic Byway (80s)
[339/451] drop Ancient Bristlecone Scenic Byway (Route 168): only 1 town(s) on the main drive
[340/451] keep Ozark Highlands Scenic Byway (42s)
[341/451] keep Apalachee Savannahs Scenic Byway (74s)
[342/451] keep Old O'Brien Glacial Trail Scenic Byway (8s)
[343/451] drop Chimney Peak Back Country Byway: only 0 town(s) on the main drive
[344/451] keep The Ridge Scenic Highway (12s)
[345/451] keep Old Route 7 Byway (45s)
[346/451] drop Grave Creek to Marial Back Country Byway: only 1 town(s) on the main drive
[347/451] drop Red Gulch/Alkali National Back Country Byway: only 1 town(s) on the main drive
[348/451] keep Cape Flattery Tribal Scenic Byway (76s)
[349/451] keep General John Stark Scenic Byway (46s)
[350/451] keep The Historic Michigan Road Byway (12s)
[351/451] keep Devil's Stompin' Ground Road (43s)
[352/451] keep Falls Road (76s)
[353/451] keep Currier & Ives Trail (15s)
[354/451] keep Wildlife Canyon Scenic Byway (42s)
[355/451] keep Rendezvous Region Scenic Backway (45s)
[356/451] keep Route 154--San Marcos Pass Road (12s)
[357/451] keep Whitefish Bay Scenic Byway (111s)
[358/451] drop Chain of Craters Back Country Byway: only 0 town(s) on the main drive
[359/451] keep Wind River Canyon Scenic Byway (44s)
[360/451] keep Gila-Pinal Scenic Road (10s)
[361/451] keep Morgan County Scenic Byway (74s)
[362/451] keep High Plateau Scenic Byway (43s)
[363/451] keep North Durham Country Byway (9s)
[364/451] keep Broward County A1A Scenic Highway (44s)
[365/451] keep Shooting Star Wildflower and Historic Route Scenic Byway (12s)
[366/451] keep Pequawket Trail Scenic Byway (74s)
[367/451] drop Black Mountain Rag: only 1 town(s) on the main drive
[368/451] keep Old King's Highway (Route 6A) (16s)
[369/451] keep Cascade Valleys Heritage Corridor (44s)
[370/451] keep Lower Susquehanna Scenic Byway (78s)
[371/451] drop Medicine Wheel Passage: only 0 town(s) on the main drive
[372/451] drop Longhouse Scenic Byway: only 1 town(s) on the main drive
[373/451] keep Scenic Highway 30-A (41s)
[374/451] drop Fishlake Scenic Byway (U-25): only 1 town(s) on the main drive
[375/451] keep High Peaks Scenic Byway (NYS Route 73) (47s)
[376/451] keep Monticello Crossroads Scenic Byway (11s)
[377/451] keep Stone Valley Byway (75s)
[378/451] keep Old Kentucky Turnpike (44s)
[379/451] drop Guadalupe Back Country Byway: only 0 town(s) on the main drive
[380/451] keep Lost Villages Scenic Byway (11s)
[381/451] keep Panhandle Historic Rivers Passage Scenic Byway (44s)
[382/451] keep Mesa Falls Scenic Byway (46s)
[383/451] keep Snowy Range Scenic Byway (76s)
[384/451] keep U.S. 12 Snake River Bridge to Walla Walla Scenic Byway (42s)
[385/451] drop Killdeer Mountain Four Bears Scenic Byway: only 1 town(s) on the main drive
[386/451] keep Dry Creek Scenic Road (43s)
[387/451] keep Mount Evans Scenic Byway (13s)
[388/451] keep Jacob's Ladder Trail (Route 20) (74s)
[389/451] drop Quebradas Back Country Byway: only 1 town(s) on the main drive
[390/451] keep Great Divide Highway (78s)
[391/451] drop Buffalo Bill Cody Scenic Byway: only 0 town(s) on the main drive
[392/451] keep Galice to Hellgate Back Country Byway (43s)
[393/451] drop South Fulton Scenic Byway: only 1 town(s) on the main drive
[394/451] drop Sugar Camp Scenic Byway: only 1 town(s) on the main drive
[395/451] keep Route 116--Sonoma County (43s)
[396/451] keep Brandywine Valley Scenic Byway (11s)
[397/451] keep North Pend Oreille Scenic Byway (73s)
[398/451] keep Coastal Byway (14s)
[399/451] keep Lady Slipper Scenic Byway (42s)
[400/451] drop Grassy Island Crossing: only 1 town(s) on the main drive
[401/451] drop Lunar Crater Back Country Byway: only 0 town(s) on the main drive
[402/451] keep Pottery Road (74s)
[403/451] keep Swift Water Corridor (42s)
[404/451] keep Charleston-Bandon Loop Tour Route (13s)
[405/451] keep Sylamore Scenic Byway (41s)
[406/451] keep Provo Canyon Scenic Byway (10s)
[407/451] keep Upper Freehold Historic Farmland Byway (75s)
[408/451] keep Mount Rose Highway (45s)
[409/451] keep Chan SanSan Scenic Backway (10s)
[410/451] keep Gateway to Amish Country (43s)
[411/451] keep Skyline Parkway Scenic Byway (13s)
[412/451] drop St. Francis Scenic Byway: only 1 town(s) on the main drive
[413/451] drop US-278 Scenic Highway: only 1 town(s) on the main drive
[414/451] drop Bitter Springs Back Country Byway: only 0 town(s) on the main drive
[415/451] keep Ramona Expressway (42s)
[416/451] keep Mount Magazine Scenic Byway (10s)
[417/451] keep Sunrise Scenic Byway (71s)
[418/451] drop Guanella Pass Road: only 1 town(s) on the main drive
[419/451] keep Muddy Creek Historic Backway (17s)
[420/451] keep State Routes 49 & 14A (43s)
[421/451] keep Essex Coastal Scenic Byway (12s)
[422/451] keep Glade Top Trail (44s)
[423/451] keep Mountain Pass Scenic Byway (9s)
[424/451] keep Attakapas-Coushatta Scenic Byway (72s)
[425/451] drop Mirror Lake Scenic Byway - WY Section: only 1 town(s) on the main drive
[426/451] keep Route 35--Skyline Boulevard (76s)
[427/451] keep Mountain Gateway Scenic Byway (42s)
[428/451] keep Ocmulgee-Piedmont Scenic Byway (11s)
[429/451] drop Swift Trail Parkway: only 0 town(s) on the main drive
[430/451] keep Cranberry Coast Scenic Byway (10s)
[431/451] keep Sakakawea Scenic Byway (74s)
[432/451] keep Cottage Grove Covered Bridge Tour Route (42s)
[433/451] keep Grafton Notch Scenic Byway (79s)
[434/451] keep Big Walker Mountain Scenic Byway (11s)
[435/451] drop Blue Buck Knob Scenic Byway: only 1 town(s) on the main drive
[436/451] keep Hells Canyon Scenic Byway - Idaho (45s)
[437/451] keep Kyle Canyon Road (State Route 157) (73s)
[438/451] keep Lake Sunapee Scenic Byway (12s)
[439/451] keep Kayenta-Monument Valley Scenic Road (41s)
[440/451] keep Route 280--Father Junipero Serra Freeway (13s)
[441/451] keep Spearfish Canyon Scenic Byway (42s)
[442/451] drop St. Regis-Paradise Scenic Byway: only 1 town(s) on the main drive
[443/451] keep Black Hills Back Country Byway (48s)
[444/451] keep Lower Deschutes River Back Country Byway (12s)
[445/451] keep Route 12--Valley of the Moon Highway (71s)
[446/451] keep Independence Byway (11s)
[447/451] keep Tunica Trace Scenic Byway (20s)
[448/451] keep Beaver Canyon Scenic Byway (U-153) (77s)
[449/451] keep Blue Route (14s)
[450/451] drop Lovelock Cave Back Country Byway: only 1 town(s) on the main drive
[451/451] keep The Real French Destination Scenic Byway (45s)
done: 394 kept, 57 dropped, 521 roads with strip maps
