(node:860505) ExperimentalWarning: CommonJS module /home/raynbowy23/.nvm/versions/node/v23.3.0/lib/node_modules/npm/node_modules/debug/src/node.js is loading ES Module /home/raynbowy23/.nvm/versions/node/v23.3.0/lib/node_modules/npm/node_modules/supports-color/index.js using require().
Support for loading ES Module in require() is an experimental feature and might change at any time
(Use `node --trace-warnings ...` to show where the warning was created)
107 roads queued
[1/107] keep Lake Erie Coastal Ohio Trail (171s)
[2/107] keep Indiana's Historic Pathways (146s)
[3/107] keep Northwest Passage Scenic Byway (186s)
[4/107] keep Lakes to Locks Passage (195s)
[5/107] keep Journey Through Hallowed Ground Byway (168s)
[6/107] keep Religious Freedom Byway (63s)
[7/107] keep International Selkirk Loop (120s)
[8/107] keep Ohio & Erie Canalway (122s)
[9/107] keep Pioneer Historic Byway (54s)
[10/107] keep Payette River Scenic Byway (117s)
[11/107] keep Harriet Tubman Underground Railroad Byway (52s)
[12/107] keep Wichita Mountains Byway (88s)
[13/107] keep Cherokee Hills Byway (35s)
[14/107] keep Chesapeake Country Scenic Byway (115s)
[15/107] keep Wetlands and Wildlife Scenic Byway (78s)
[16/107] keep Amish Country Byway (48s)
[17/107] keep Beartooth Highway (15s)
[18/107] keep Talimena Scenic Drive (45s)
[19/107] keep Copper Country Trail (79s)
[20/107] keep Flint Hills Scenic Byway (48s)
[21/107] keep Pyramid Lake Scenic Byway (45s)
[22/107] drop Russell-Brasstown National Scenic Byway: only 1 town(s) on the main drive
[23/107] keep Merritt Parkway (47s)
[24/107] keep Pend Oreille Scenic Byway (13s)
[25/107] keep Delaware River Scenic Byway (80s)
[26/107] keep Connecticut State Route 169 (43s)
[27/107] keep Lake Tahoe - Eastshore Drive (11s)
[28/107] keep Western Heritage Historic Byway (45s)
[29/107] keep Mohawk Towpath Byway (10s)
[30/107] keep Woodward Avenue (M-1) - Automotive Heritage Trail (44s)
[31/107] keep Millstone Valley Scenic Byway (14s)
[32/107] drop River Road Scenic Byway: only 1 town(s) on the main drive
[33/107] keep Volcanic Legacy Scenic Byway (313s)
[34/107] keep Pacific Coast Scenic Byway - Oregon (239s)
[35/107] keep Hells Canyon Scenic Byway (190s)
[36/107] keep Creole Nature Trail (128s)
[37/107] keep Seward Highway (86s)
[38/107] keep Florida Keys Scenic Highway (84s)
[39/107] keep Chinook Scenic Byway (49s)
[40/107] keep Route 1 - San Luis Obispo North Coast Byway (82s)
[41/107] drop Trail Ridge Road/Beaver Meadow Road: only 0 town(s) on the main drive
[42/107] keep Selma to Montgomery March Byway (15s)
[43/107] keep George Washington Memorial Parkway (49s)
[44/107] keep Colonial Parkway (12s)
[45/107] keep Dinosaur Diamond Prehistoric Highway (347s)
[46/107] keep El Camino Real (250s)
[47/107] keep Trail of the Ancients (304s)
[48/107] keep Illinois River Road (246s)
[49/107] keep Minnesota River Valley Scenic Byway (161s)
[50/107] keep The George Parks Highway Scenic Byway (192s)
[51/107] keep Loess Hills Scenic Byway (129s)
[52/107] keep Crowley's Ridge Parkway (160s)
[53/107] keep Big Bend Scenic Byway (131s)
[54/107] keep West Cascades Scenic Byway (122s)
[55/107] keep Lincoln Highway (163s)
[56/107] keep Staunton-Parkersburg Turnpike (125s)
[57/107] keep Outback Scenic Byway (124s)
[58/107] keep Indian River Lagoon National Scenic Byway (126s)
[59/107] keep Lower Mississippi Historic Scenic Byway (125s)
[60/107] keep Rogue-Umpqua Scenic Byway (122s)
[61/107] keep Outer Banks Scenic Byway (130s)
[62/107] keep Coal Heritage Trail (39s)
[63/107] keep Coulee Corridor Scenic Byway (119s)
[64/107] keep Country Music Highway (122s)
[65/107] keep Geronimo Trail Scenic Byway (119s)
[66/107] keep Gold Belt Tour Scenic and Historic Byway (122s)
[67/107] keep Washington Heritage Trail (59s)
[68/107] keep Alabama's Coastal Connection (125s)
[69/107] keep Jemez Mountain Trail (52s)
[70/107] keep Florida Black Bear Scenic Byway (119s)
[71/107] keep Savannah River Scenic Byway (117s)
[72/107] keep Mountains to Sound Greenway - I-90 (52s)
[73/107] keep Wilderness Road Heritage Highway (84s)
[74/107] keep Trail of the Mountain Spirits Scenic Byway (54s)
[75/107] keep Frontier Pathways Scenic and Historic Byway (112s)
[76/107] keep East Tennessee Crossing (56s)
[77/107] keep The Energy Loop: Huntington/Eccles Canyons Scenic Byway (46s)
[78/107] keep Old Canada Road Scenic Byway (79s)
[79/107] keep Sheyenne River Valley Scenic Byway (52s)
[80/107] keep Lincoln Heritage Scenic Highway (81s)
[81/107] drop Cascade Lakes Scenic Byway: only 1 town(s) on the main drive
[82/107] keep Colorado River Headwaters Byway (46s)
[83/107] drop Grand Mesa Scenic and Historic Byway: only 1 town(s) on the main drive
[84/107] keep Turquoise Trail (78s)
[85/107] keep Ebbetts Pass Scenic Byway (46s)
[86/107] keep Strait of Juan de Fuca Highway - SR 112 (48s)
[87/107] drop Gunflint Trail Scenic Byway: only 1 town(s) on the main drive
[88/107] drop Tioga Road/Big Oak Flat Road: only 0 town(s) on the main drive
[89/107] keep Paul Bunyan Scenic Byway (47s)
[90/107] keep Scenic Byway 143 - Utah's Patchwork Parkway (75s)
[91/107] keep Edge of the Wilderness (45s)
[92/107] drop Grand Rounds Scenic Byway: only 0 town(s) on the main drive
[93/107] keep Red River Gorge Scenic Byway (15s)
[94/107] keep Highland Scenic Highway (41s)
[95/107] keep Haines Highway - Valley of the Eagles (77s)
[96/107] drop Kaibab Plateau-North Rim Parkway: only 0 town(s) on the main drive
[97/107] keep Woodlands Trace (44s)
[98/107] drop Cherohala Skyway: only 1 town(s) on the main drive
[99/107] drop Nebo Loop Scenic Byway: only 1 town(s) on the main drive
[100/107] drop Logan Canyon Scenic Byway: only 1 town(s) on the main drive
[101/107] keep Lariat Loop Scenic and Historic Byway (14s)
[102/107] keep Rangeley Lakes Scenic Byway (41s)
[103/107] keep Ormond Scenic Loop & Trail (15s)
[104/107] keep Meeting of the Great Rivers Scenic Route (46s)
[105/107] keep Schoodic Scenic Byway (11s)
[106/107] drop Talladega Scenic Drive: only 1 town(s) on the main drive
[107/107] keep Sky Island Scenic Byway (8s)
done: 94 kept, 13 dropped, 125 roads with strip maps
