(node:927481) ExperimentalWarning: CommonJS module /home/raynbowy23/.nvm/versions/node/v23.3.0/lib/node_modules/npm/node_modules/debug/src/node.js is loading ES Module /home/raynbowy23/.nvm/versions/node/v23.3.0/lib/node_modules/npm/node_modules/supports-color/index.js using require().
Support for loading ES Module in require() is an experimental feature and might change at any time
(Use `node --trace-warnings ...` to show where the warning was created)
24 roads queued
[1/24] drop Las Vegas Strip: only 1 town(s) on the main drive
[2/24] drop City of Las Vegas, Las Vegas Boulevard State Scenic Byway: only 1 town(s) on the main drive
[3/24] drop Exton Bypass: only 1 town(s) on the main drive
[4/24] drop Fort Johnson Road Scenic Highway: only 1 town(s) on the main drive
[5/24] drop Riverland Drive Scenic Highway: only 1 town(s) on the main drive
[6/24] keep Route 156--Monterey County (57s)
[7/24] drop Old Sheldon Church Road Scenic Highway: only 1 town(s) on the main drive
[8/24] keep Flint Hill Ramble (10s)
[9/24] keep Palma Sola Scenic Highway (55s)
[10/24] drop Cliff Drive: only 1 town(s) on the main drive
[11/24] drop Perquiman's Crossing: only 1 town(s) on the main drive
[12/24] drop Brunswick Town Road: only 1 town(s) on the main drive
[13/24] drop Spirit of Kansas City: only 1 town(s) on the main drive
[14/24] drop Gateway to the Endless Mountains: only 1 town(s) on the main drive
[15/24] drop Socorro Historical District Scenic Byway: only 1 town(s) on the main drive
[16/24] drop James Edwin McTeer Bridge & The Causways Scenic Highway: only 1 town(s) on the main drive
[17/24] drop Mathis Ferry Road Scenic Highway: only 1 town(s) on the main drive
[18/24] drop Andrew Pickens Scenic Parkway: only 0 town(s) on the main drive
[19/24] drop Back Mountain Backway: only 1 town(s) on the main drive
[20/24] drop S-13 Scenic Highway: only 0 town(s) on the main drive
[21/24] drop Veteran's Memorial Parkway: only 1 town(s) on the main drive
[22/24] drop Grand View Scenic Byway: only 1 town(s) on the main drive
[23/24] drop Cheat Mountain Backway: only 1 town(s) on the main drive
[24/24] drop Long Point Road Scenic Highway: only 0 town(s) on the main drive
done: 3 kept, 21 dropped, 631 roads with strip maps
