(node:2865242) ExperimentalWarning: CommonJS module /home/raynbowy23/.nvm/versions/node/v23.3.0/lib/node_modules/npm/node_modules/debug/src/node.js is loading ES Module /home/raynbowy23/.nvm/versions/node/v23.3.0/lib/node_modules/npm/node_modules/supports-color/index.js using require().
Support for loading ES Module in require() is an experimental feature and might change at any time
(Use `node --trace-warnings ...` to show where the warning was created)
Gallup to Laguna: 92.8 mi mapped, 99 min routed
  no plausible route (within 10% of 66.6 mi at 20–65 mph); publishing distance only
Laguna to Albuquerque: 67.6 mi mapped, null min routed
  no plausible route (within 10% of 171.8 mi at 20–65 mph); publishing distance only
Albuquerque to Rowe: 171.8 mi mapped, null min routed
Rowe to Los Ranchos de Albuquerque: 78.2 mi mapped, 79 min routed
Los Ranchos de Albuquerque to Mesita: 45.3 mi mapped, 49 min routed
main drive 478 mi with 0 gap(s); branch none
  main   mile 21.13  Gallup (0.9 mi off the road)
  main   mile 52.75  Thoreau (1.2 mi off the road)
  main   mile 83.17  Grants
  main   mile 113.92  Laguna (1 mi off the road)
  main   mile 181.54  Albuquerque
  main   mile 219.25  Moriarty (0.8 mi off the road)
  main   mile 353.35  Rowe
  main   mile 388.7  La Cienega (1.3 mi off the road)
  main   mile 431.54  Los Ranchos de Albuquerque (1.1 mi off the road)
  main   mile 476.83  Mesita
